
> 缇庡姏瀹為獙瀹?--浣犵殑涓撳睘ai棰滅┒闄0.0.0 build
> vite build

[36mvite v6.4.1 [32mbuilding for production...[36m[39m
transforming...
[32m鉁?[39m 53 modules transformed.
